=== agentic | leg=q4s | tap=:8081 ===
[run] q4s/pallets__flask-5014 (pallets/flask) ...
[run] q4s/pallets__flask-5014 done wall=10s
[run] q4s/psf__requests-1142 (psf/requests) ...
[run] q4s/psf__requests-1142 done wall=47s
[run] q4s/psf__requests-1724 (psf/requests) ...
[run] q4s/psf__requests-1724 done wall=23s
[run] q4s/psf__requests-1766 (psf/requests) ...
[run] q4s/psf__requests-1766 done wall=10s
[run] q4s/psf__requests-1921 (psf/requests) ...
[run] q4s/psf__requests-1921 done wall=79s
[run] q4s/pydata__xarray-4075 (pydata/xarray) ...
[run] q4s/pydata__xarray-4075 done wall=34s
[run] q4s/pydata__xarray-4094 (pydata/xarray) ...
[run] q4s/pydata__xarray-4094 done wall=116s
[run] q4s/pylint-dev__pylint-4970 (pylint-dev/pylint) ...
[run] q4s/pylint-dev__pylint-4970 done wall=144s
[run] q4s/pylint-dev__pylint-6903 (pylint-dev/pylint) ...
[run] q4s/pylint-dev__pylint-6903 done wall=18s
[run] q4s/pytest-dev__pytest-10081 (pytest-dev/pytest) ...
[run] q4s/pytest-dev__pytest-10081 done wall=91s
[run] q4s/pytest-dev__pytest-5262 (pytest-dev/pytest) ...
[run] q4s/pytest-dev__pytest-5262 done wall=11s
[run] q4s/pytest-dev__pytest-5809 (pytest-dev/pytest) ...
[run] q4s/pytest-dev__pytest-5809 done wall=12s

=== SUMMARY (q4s) ===
  instances: 12  nonempty-diff: 9/12  edited-gold-file: 8/12
  total wall: 595s (50s/inst avg)
  decode: 260.7 t/s agg / 228.8 med  (295 reqs, 56804 tok)
  prefill: 30763.9 t/s agg  (10523114 prompt tok over 342s TTFT)
=== END (q4s) ===
