=== agentic | leg=nvfp4 | tap=:8081 ===
[run] nvfp4/pallets__flask-5014 (pallets/flask) ...
[run] nvfp4/pallets__flask-5014 done wall=73s
[run] nvfp4/psf__requests-1142 (psf/requests) ...
[run] nvfp4/psf__requests-1142 done wall=76s
[run] nvfp4/psf__requests-1724 (psf/requests) ...
[run] nvfp4/psf__requests-1724 done wall=73s
[run] nvfp4/psf__requests-1766 (psf/requests) ...
[run] nvfp4/psf__requests-1766 done wall=34s
[run] nvfp4/psf__requests-1921 (psf/requests) ...
[run] nvfp4/psf__requests-1921 done wall=83s
[run] nvfp4/pydata__xarray-4075 (pydata/xarray) ...
[run] nvfp4/pydata__xarray-4075 done wall=80s
[run] nvfp4/pydata__xarray-4094 (pydata/xarray) ...
[run] nvfp4/pydata__xarray-4094 done wall=328s
[run] nvfp4/pylint-dev__pylint-4970 (pylint-dev/pylint) ...
[run] nvfp4/pylint-dev__pylint-4970 done wall=228s
[run] nvfp4/pylint-dev__pylint-6903 (pylint-dev/pylint) ...
[run] nvfp4/pylint-dev__pylint-6903 done wall=30s
[run] nvfp4/pytest-dev__pytest-10081 (pytest-dev/pytest) ...
[run] nvfp4/pytest-dev__pytest-10081 done wall=253s
[run] nvfp4/pytest-dev__pytest-5262 (pytest-dev/pytest) ...
[run] nvfp4/pytest-dev__pytest-5262 done wall=95s
[run] nvfp4/pytest-dev__pytest-5809 (pytest-dev/pytest) ...
[run] nvfp4/pytest-dev__pytest-5809 done wall=13s

=== SUMMARY (nvfp4) ===
  instances: 12  nonempty-diff: 12/12  edited-gold-file: 10/12
  total wall: 1366s (114s/inst avg)
  decode: 245.2 t/s agg / 235.2 med  (260 reqs, 46271 tok)
  prefill: 7572.8 t/s agg  (8621227 prompt tok over 1138s TTFT)
=== END (nvfp4) ===
