=== agentic | leg=nint | tap=:8081 ===
[run] nint/pallets__flask-5014 (pallets/flask) ...
[run] nint/pallets__flask-5014 done wall=138s
[run] nint/psf__requests-1142 (psf/requests) ...
[run] nint/psf__requests-1142 done wall=172s
[run] nint/psf__requests-1724 (psf/requests) ...
[run] nint/psf__requests-1724 done wall=155s
[run] nint/psf__requests-1766 (psf/requests) ...
[run] nint/psf__requests-1766 done wall=93s
[run] nint/psf__requests-1921 (psf/requests) ...
[run] nint/psf__requests-1921 done wall=249s
[run] nint/pydata__xarray-4075 (pydata/xarray) ...
[run] nint/pydata__xarray-4075 done wall=576s
[run] nint/pydata__xarray-4094 (pydata/xarray) ...
[run] nint/pydata__xarray-4094 done wall=659s
[run] nint/pylint-dev__pylint-4970 (pylint-dev/pylint) ...
[run] nint/pylint-dev__pylint-4970 done wall=240s
[run] nint/pylint-dev__pylint-6903 (pylint-dev/pylint) ...
[run] nint/pylint-dev__pylint-6903 done wall=69s
[run] nint/pytest-dev__pytest-10081 (pytest-dev/pytest) ...
[run] nint/pytest-dev__pytest-10081 done wall=700s
[run] nint/pytest-dev__pytest-5262 (pytest-dev/pytest) ...
[run] nint/pytest-dev__pytest-5262 done wall=103s
[run] nint/pytest-dev__pytest-5809 (pytest-dev/pytest) ...
[run] nint/pytest-dev__pytest-5809 done wall=41s

=== SUMMARY (nint) ===
  instances: 12  nonempty-diff: 12/12  edited-gold-file: 11/12
  total wall: 3195s (266s/inst avg)
  decode: 231.2 t/s agg / 194.8 med  (258 reqs, 45860 tok)
  prefill: 2756.1 t/s agg  (8122913 prompt tok over 2947s TTFT)
=== END (nint) ===
