=== agentic | leg=q5f | tap=:8081 ===
[run] q5f/pallets__flask-5014 (pallets/flask) ...
[run] q5f/pallets__flask-5014 done wall=17s
[run] q5f/psf__requests-1142 (psf/requests) ...
[run] q5f/psf__requests-1142 done wall=53s
[run] q5f/psf__requests-1724 (psf/requests) ...
[run] q5f/psf__requests-1724 done wall=22s
[run] q5f/psf__requests-1766 (psf/requests) ...
[run] q5f/psf__requests-1766 done wall=37s
[run] q5f/psf__requests-1921 (psf/requests) ...
[run] q5f/psf__requests-1921 done wall=46s
[run] q5f/pydata__xarray-4075 (pydata/xarray) ...
[run] q5f/pydata__xarray-4075 done wall=66s
[run] q5f/pydata__xarray-4094 (pydata/xarray) ...
[run] q5f/pydata__xarray-4094 done wall=115s
[run] q5f/pylint-dev__pylint-4970 (pylint-dev/pylint) ...
[run] q5f/pylint-dev__pylint-4970 done wall=71s
[run] q5f/pylint-dev__pylint-6903 (pylint-dev/pylint) ...
[run] q5f/pylint-dev__pylint-6903 done wall=20s
[run] q5f/pytest-dev__pytest-10081 (pytest-dev/pytest) ...
[run] q5f/pytest-dev__pytest-10081 done wall=70s
[run] q5f/pytest-dev__pytest-5262 (pytest-dev/pytest) ...
[run] q5f/pytest-dev__pytest-5262 done wall=26s
[run] q5f/pytest-dev__pytest-5809 (pytest-dev/pytest) ...
[run] q5f/pytest-dev__pytest-5809 done wall=13s

=== SUMMARY (q5f) ===
  instances: 12  nonempty-diff: 12/12  edited-gold-file: 11/12
  total wall: 556s (46s/inst avg)
  decode: 216.8 t/s agg / 207.9 med  (273 reqs, 49931 tok)
  prefill: 26170.7 t/s agg  (8147194 prompt tok over 311s TTFT)
=== END (q5f) ===
